     1                                  [org 0x0100]
     2                                  
     3 00000000 EB16                    	jmp start
     4                                  
     5 00000002 0A0014001E00280032-     num1:	dw 10, 20, 30, 40, 50, 10, 20, 30, 40, 50
     6 0000000B 000A0014001E002800-
     7 00000014 3200               
     8 00000016 0000                    total: dw 0
     9                                  
    10 00000018 BB0000                  start:	mov bx, 0
    11 0000001B B80000                  	mov ax, 0
    12                                  
    13 0000001E 0387[0200]              l1:	add ax, [num1+bx]
    14 00000022 83C302                  	add bx, 2
    15 00000025 83FB14                  	cmp bx, 20
    16 00000028 75F4                    	jne l1
    17                                  
    18 0000002A A3[1600]                	mov [total], ax
    19                                  
    20 0000002D B8004C                  	mov ax, 0x4c00
    21 00000030 CD21                    	int 0x21
